[{"type":"example_group","description":"one apiece","examples":[{"type":"example","description":"succeeds"}],"children":[{"type":"example_group","description":"context1","examples":[{"type":"example","description":"context1_example1"}],"children":[{"type":"example_group","description":"context1-1","examples":[{"type":"example","description":"context1-1_example1"}],"children":[]},{"type":"example_group","description":"context1-2","examples":[{"type":"example","description":"context1-2_example1"},{"type":"example","description":"context1-2_example2"}],"children":[]}]}]}]